<html>
<body>
<pre>
<h1>µVision Build Log</h1>
<h2>Tool Versions:</h2>
IDE-Version: ¦ÌVision V5.38.0.0
Copyright (C) 2022 ARM Ltd and ARM Germany GmbH. All rights reserved.
License Information: Eugene Chan, ZeroZap, LIC=9WSKC-78UVA-UHS8H-WGX5T-BGK92-N37L1
 
Tool Versions:
Toolchain:       MDK-ARM Plus  Version: 5.38.0.0
Toolchain Path:  C:\Keil_v5\ARM\ARMCC\Bin
C Compiler:      Armcc.exe V5.06 update 7 (build 960)
Assembler:       Armasm.exe V5.06 update 7 (build 960)
Linker/Locator:  ArmLink.exe V5.06 update 7 (build 960)
Library Manager: ArmAr.exe V5.06 update 7 (build 960)
Hex Converter:   FromElf.exe V5.06 update 7 (build 960)
CPU DLL:         SARMCM3.DLL V5.38.0.0
Dialog DLL:      DCM.DLL V1.17.5.0
Target DLL:      UL2CM3.DLL V1.164.8.0
Dialog DLL:      TCM.DLL V1.56.4.0
 
<h2>Project:</h2>
E:\github_download\_ZeroZap\xy\component\at\AT-Command\Demo\mdk\codebrick.uvproj
Project File Date:  01/12/2025

<h2>Output:</h2>
*** Using Compiler 'V5.06 update 7 (build 960)', folder: 'C:\Keil_v5\ARM\ARMCC\Bin'
Build target 'codebrick'
assembling startup_stm32f4xx.s...
compiling blink.c...
compiling queue.c...
compiling module.c...
compiling key.c...
compiling ringbuffer.c...
compiling cli.c...
compiling tty.c...
compiling mcu_flash.c...
compiling misc.c...
compiling system_stm32f4xx.c...
compiling stm32f4xx_exti.c...
compiling stm32f4xx_flash.c...
compiling stm32f4xx_gpio.c...
compiling stm32f4xx_iwdg.c...
compiling stm32f4xx_pwr.c...
compiling stm32f4xx_syscfg.c...
compiling stm32f4xx_spi.c...
compiling stm32f4xx_rcc.c...
compiling stm32f4xx_rtc.c...
compiling stm32f4xx_tim.c...
compiling main.c...
compiling cli_task.c...
compiling led.c...
compiling stm32f4xx_usart.c...
compiling public.c...
compiling stm32f4xx_it.c...
compiling platform.c...
compiling cmd_devinfo.c...
compiling task_key.c...
linking...
Program Size: Code=12844 RO-data=1860 RW-data=64 ZI-data=2496  
FromELF: creating hex file...
After Build - User command #1: fromelf --bin .\obj\codebrick.axf --output codebrick.bin
".\obj\codebrick.axf" - 0 Error(s), 0 Warning(s).
Build Time Elapsed:  00:00:08
</pre>
</body>
</html>
