Component: ARM Compiler 5.06 update 7 (build 960) Tool: armlink [4d3601]

==============================================================================

Image Symbol Table

    Local Symbols

    Symbol Name                              Value     Ov Type        Size  Object(Section)

    RESET                                    0x00000000   Section      192  startup_hc32l19x.o(RESET)
    ../clib/microlib/division.c              0x00000000   Number         0  uldiv.o ABSOLUTE
    ../clib/microlib/division.c              0x00000000   Number         0  uidiv.o ABSOLUTE
    ../clib/microlib/init/entry.s            0x00000000   Number         0  entry8b.o ABSOLUTE
    ../clib/microlib/init/entry.s            0x00000000   Number         0  entry12a.o ABSOLUTE
    ../clib/microlib/init/entry.s            0x00000000   Number         0  entry5.o ABSOLUTE
    ../clib/microlib/init/entry.s            0x00000000   Number         0  entry11a.o ABSOLUTE
    ../clib/microlib/init/entry.s            0x00000000   Number         0  entry10b.o ABSOLUTE
    ../clib/microlib/init/entry.s            0x00000000   Number         0  entry.o ABSOLUTE
    ../clib/microlib/init/entry.s            0x00000000   Number         0  entry9a.o ABSOLUTE
    ../clib/microlib/init/entry.s            0x00000000   Number         0  entry2.o ABSOLUTE
    ../clib/microlib/init/entry.s            0x00000000   Number         0  entry8a.o ABSOLUTE
    ../clib/microlib/init/entry.s            0x00000000   Number         0  entry12b.o ABSOLUTE
    ../clib/microlib/init/entry.s            0x00000000   Number         0  entry11b.o ABSOLUTE
    ../clib/microlib/init/entry.s            0x00000000   Number         0  entry10a.o ABSOLUTE
    ../clib/microlib/init/entry.s            0x00000000   Number         0  entry9b.o ABSOLUTE
    ../clib/microlib/init/entry.s            0x00000000   Number         0  entry7b.o ABSOLUTE
    ../clib/microlib/init/entry.s            0x00000000   Number         0  entry7a.o ABSOLUTE
    ../clib/microlib/longlong.c              0x00000000   Number         0  llushr.o ABSOLUTE
    ../clib/microlib/longlong.c              0x00000000   Number         0  llmul.o ABSOLUTE
    ../clib/microlib/longlong.c              0x00000000   Number         0  llshl.o ABSOLUTE
    ../clib/microlib/string/memcmp.c         0x00000000   Number         0  memcmp.o ABSOLUTE
    ../clib/microlib/string/memcpy.c         0x00000000   Number         0  memcpyb.o ABSOLUTE
    ../clib/microlib/string/memcpy.c         0x00000000   Number         0  memcpya.o ABSOLUTE
    ../clib/microlib/string/memset.c         0x00000000   Number         0  memseta.o ABSOLUTE
    ../clib/microlib/string/strcpy.c         0x00000000   Number         0  strcpy.o ABSOLUTE
    ../clib/microlib/stubs.s                 0x00000000   Number         0  iusefp.o ABSOLUTE
    ../fplib/microlib/f2d.c                  0x00000000   Number         0  f2d.o ABSOLUTE
    ../fplib/microlib/fpadd.c                0x00000000   Number         0  fadd.o ABSOLUTE
    ../fplib/microlib/fpdiv.c                0x00000000   Number         0  fdiv.o ABSOLUTE
    ../fplib/microlib/fpepilogue.c           0x00000000   Number         0  fepilogue.o ABSOLUTE
    ../fplib/microlib/fpfix.c                0x00000000   Number         0  ffixui.o ABSOLUTE
    ../fplib/microlib/fpflt.c                0x00000000   Number         0  ffltui.o ABSOLUTE
    ..\..\..\..\..\..\..\..\common\xy_ctype.c 0x00000000   Number         0  xy_ctype.o ABSOLUTE
    ..\..\..\..\..\..\..\..\common\xy_delay.c 0x00000000   Number         0  xy_delay.o ABSOLUTE
    ..\..\..\..\..\..\..\..\common\xy_stdio.c 0x00000000   Number         0  xy_stdio.o ABSOLUTE
    ..\..\..\..\..\..\..\..\common\xy_string.c 0x00000000   Number         0  xy_string.o ABSOLUTE
    ..\..\..\..\eep.c                        0x00000000   Number         0  eep.o ABSOLUTE
    ..\..\..\..\mcu\eep_hc32lxx.c            0x00000000   Number         0  eep_hc32lxx.o ABSOLUTE
    ..\..\common\interrupts_hc32l19x.c       0x00000000   Number         0  interrupts_hc32l19x.o ABSOLUTE
    ..\..\common\system_hc32l19x.c           0x00000000   Number         0  system_hc32l19x.o ABSOLUTE
    ..\..\driver\src\ddl.c                   0x00000000   Number         0  ddl.o ABSOLUTE
    ..\..\driver\src\flash.c                 0x00000000   Number         0  flash.o ABSOLUTE
    ..\..\driver\src\sysctrl.c               0x00000000   Number         0  sysctrl.o ABSOLUTE
    ..\..\driver\src\uart.c                  0x00000000   Number         0  uart.o ABSOLUTE
    ..\\..\\..\\..\\mcu\\eep_hc32lxx.c       0x00000000   Number         0  eep_hc32lxx.o ABSOLUTE
    ..\\..\\common\\interrupts_hc32l19x.c    0x00000000   Number         0  interrupts_hc32l19x.o ABSOLUTE
    ..\\..\\common\\system_hc32l19x.c        0x00000000   Number         0  system_hc32l19x.o ABSOLUTE
    ..\\..\\driver\\src\\ddl.c               0x00000000   Number         0  ddl.o ABSOLUTE
    ..\\..\\driver\\src\\flash.c             0x00000000   Number         0  flash.o ABSOLUTE
    ..\\..\\driver\\src\\sysctrl.c           0x00000000   Number         0  sysctrl.o ABSOLUTE
    ..\\..\\driver\\src\\uart.c              0x00000000   Number         0  uart.o ABSOLUTE
    ..\\source\\main.c                       0x00000000   Number         0  main.o ABSOLUTE
    ..\source\main.c                         0x00000000   Number         0  main.o ABSOLUTE
    cdcmple.s                                0x00000000   Number         0  cdcmple.o ABSOLUTE
    cdrcmple.s                               0x00000000   Number         0  cdrcmple.o ABSOLUTE
    cfcmple.s                                0x00000000   Number         0  cfcmple.o ABSOLUTE
    dc.s                                     0x00000000   Number         0  dc.o ABSOLUTE
    handlers.s                               0x00000000   Number         0  handlers.o ABSOLUTE
    init.s                                   0x00000000   Number         0  init.o ABSOLUTE
    startup_hc32l19x.s                       0x00000000   Number         0  startup_hc32l19x.o ABSOLUTE
    .ARM.Collect$$$$00000000                 0x000000c0   Section        0  entry.o(.ARM.Collect$$$$00000000)
    .ARM.Collect$$$$00000001                 0x000000c0   Section        4  entry2.o(.ARM.Collect$$$$00000001)
    .ARM.Collect$$$$00000004                 0x000000c4   Section        4  entry5.o(.ARM.Collect$$$$00000004)
    .ARM.Collect$$$$00000008                 0x000000c8   Section        0  entry7b.o(.ARM.Collect$$$$00000008)
    .ARM.Collect$$$$0000000A                 0x000000c8   Section        0  entry8b.o(.ARM.Collect$$$$0000000A)
    .ARM.Collect$$$$0000000B                 0x000000c8   Section        8  entry9a.o(.ARM.Collect$$$$0000000B)
    .ARM.Collect$$$$0000000E                 0x000000d0   Section        4  entry12b.o(.ARM.Collect$$$$0000000E)
    .ARM.Collect$$$$0000000F                 0x000000d4   Section        0  entry10a.o(.ARM.Collect$$$$0000000F)
    .ARM.Collect$$$$00000011                 0x000000d4   Section        0  entry11a.o(.ARM.Collect$$$$00000011)
    .ARM.Collect$$$$00002712                 0x000000d4   Section        4  entry2.o(.ARM.Collect$$$$00002712)
    __lit__00000000                          0x000000d4   Data           4  entry2.o(.ARM.Collect$$$$00002712)
    .text                                    0x000000d8   Section       60  startup_hc32l19x.o(.text)
    .text                                    0x00000114   Section        0  memcpya.o(.text)
    .text                                    0x00000138   Section       36  init.o(.text)
    i.$Sub$$main                             0x0000015c   Section        0  system_hc32l19x.o(i.$Sub$$main)
    i.ADC_DAC_IRQHandler                     0x0000016a   Section        0  interrupts_hc32l19x.o(i.ADC_DAC_IRQHandler)
    i.CLKTRIM_IRQHandler                     0x00000176   Section        0  interrupts_hc32l19x.o(i.CLKTRIM_IRQHandler)
    i.DMAC_IRQHandler                        0x0000017e   Section        0  interrupts_hc32l19x.o(i.DMAC_IRQHandler)
    i.FLASH_RAM_IRQHandler                   0x00000186   Section        0  interrupts_hc32l19x.o(i.FLASH_RAM_IRQHandler)
    i.HardFault_Handler                      0x00000192   Section        0  interrupts_hc32l19x.o(i.HardFault_Handler)
    i.I2C0_IRQHandler                        0x000001a2   Section        0  interrupts_hc32l19x.o(i.I2C0_IRQHandler)
    i.I2C1_IRQHandler                        0x000001aa   Section        0  interrupts_hc32l19x.o(i.I2C1_IRQHandler)
    i.LCD_IRQHandler                         0x000001b2   Section        0  interrupts_hc32l19x.o(i.LCD_IRQHandler)
    i.LPTIM0_1_IRQHandler                    0x000001ba   Section        0  interrupts_hc32l19x.o(i.LPTIM0_1_IRQHandler)
    i.LPUART0_IRQHandler                     0x000001c6   Section        0  interrupts_hc32l19x.o(i.LPUART0_IRQHandler)
    i.LPUART1_IRQHandler                     0x000001ce   Section        0  interrupts_hc32l19x.o(i.LPUART1_IRQHandler)
    i.LVD_IRQHandler                         0x000001d6   Section        0  interrupts_hc32l19x.o(i.LVD_IRQHandler)
    i.PCA_IRQHandler                         0x000001de   Section        0  interrupts_hc32l19x.o(i.PCA_IRQHandler)
    i.PCNT_IRQHandler                        0x000001e6   Section        0  interrupts_hc32l19x.o(i.PCNT_IRQHandler)
    i.PORTA_IRQHandler                       0x000001ee   Section        0  interrupts_hc32l19x.o(i.PORTA_IRQHandler)
    i.PORTB_IRQHandler                       0x000001f6   Section        0  interrupts_hc32l19x.o(i.PORTB_IRQHandler)
    i.PORTC_E_IRQHandler                     0x000001fe   Section        0  interrupts_hc32l19x.o(i.PORTC_E_IRQHandler)
    i.PORTD_F_IRQHandler                     0x0000020a   Section        0  interrupts_hc32l19x.o(i.PORTD_F_IRQHandler)
    i.RTC_IRQHandler                         0x00000216   Section        0  interrupts_hc32l19x.o(i.RTC_IRQHandler)
    i.SPI0_IRQHandler                        0x0000021e   Section        0  interrupts_hc32l19x.o(i.SPI0_IRQHandler)
    i.SPI1_IRQHandler                        0x00000226   Section        0  interrupts_hc32l19x.o(i.SPI1_IRQHandler)
    i.SysTick_Handler                        0x0000022e   Section        0  interrupts_hc32l19x.o(i.SysTick_Handler)
    i.Sysctrl_GetHClkFreq                    0x00000238   Section        0  sysctrl.o(i.Sysctrl_GetHClkFreq)
    i.SystemCoreClockUpdate                  0x000003ac   Section        0  system_hc32l19x.o(i.SystemCoreClockUpdate)
    i.SystemInit                             0x000003d4   Section        0  system_hc32l19x.o(i.SystemInit)
    i.TIM0_IRQHandler                        0x00000414   Section        0  interrupts_hc32l19x.o(i.TIM0_IRQHandler)
    i.TIM1_IRQHandler                        0x0000041c   Section        0  interrupts_hc32l19x.o(i.TIM1_IRQHandler)
    i.TIM2_IRQHandler                        0x00000424   Section        0  interrupts_hc32l19x.o(i.TIM2_IRQHandler)
    i.TIM3_IRQHandler                        0x0000042c   Section        0  interrupts_hc32l19x.o(i.TIM3_IRQHandler)
    i.TIM4_IRQHandler                        0x00000434   Section        0  interrupts_hc32l19x.o(i.TIM4_IRQHandler)
    i.TIM5_IRQHandler                        0x0000043c   Section        0  interrupts_hc32l19x.o(i.TIM5_IRQHandler)
    i.TIM6_IRQHandler                        0x00000444   Section        0  interrupts_hc32l19x.o(i.TIM6_IRQHandler)
    i.UART0_2_IRQHandler                     0x0000044c   Section        0  interrupts_hc32l19x.o(i.UART0_2_IRQHandler)
    i.UART1_3_IRQHandler                     0x00000458   Section        0  interrupts_hc32l19x.o(i.UART1_3_IRQHandler)
    i.VC0_IRQHandler                         0x00000464   Section        0  interrupts_hc32l19x.o(i.VC0_IRQHandler)
    i.VC1_2_IRQHandler                       0x0000046c   Section        0  interrupts_hc32l19x.o(i.VC1_2_IRQHandler)
    i.WDT_IRQHandler                         0x00000478   Section        0  interrupts_hc32l19x.o(i.WDT_IRQHandler)
    i._InitHidePin                           0x00000480   Section        0  system_hc32l19x.o(i._InitHidePin)
    _InitHidePin                             0x00000481   Thumb Code    60  system_hc32l19x.o(i._InitHidePin)
    i.__ARM_common_switch8                   0x000004c8   Section        0  sysctrl.o(i.__ARM_common_switch8)
    i.__scatterload_copy                     0x000004e4   Section       14  handlers.o(i.__scatterload_copy)
    i.__scatterload_null                     0x000004f2   Section        2  handlers.o(i.__scatterload_null)
    i.__scatterload_zeroinit                 0x000004f4   Section       14  handlers.o(i.__scatterload_zeroinit)
    i.main                                   0x00000502   Section        0  main.o(i.main)
    .constdata                               0x00000508   Section       24  sysctrl.o(.constdata)
    .data                                    0x20000000   Section        4  system_hc32l19x.o(.data)
    STACK                                    0x20000008   Section      512  startup_hc32l19x.o(STACK)

    Global Symbols

    Symbol Name                              Value     Ov Type        Size  Object(Section)

    BuildAttributes$$THM_ISAv3M$S$PE$A:L22$X:L11$S22$IEEE1$IW$USESV6$~STKCKD$USESV7$~SHL$OTIME$ROPI$EBA8$MICROLIB$REQ8$PRES8$EABIv2 0x00000000   Number         0  anon$$obj.o ABSOLUTE
    __ARM_use_no_argv                        0x00000000   Number         0  main.o ABSOLUTE
    __Vectors                                0x00000000   Data           0  startup_hc32l19x.o(RESET)
    Adc_IRQHandler                            - Undefined Weak Reference
    ClkTrim_IRQHandler                        - Undefined Weak Reference
    Dac_IRQHandler                            - Undefined Weak Reference
    Dmac_IRQHandler                           - Undefined Weak Reference
    Flash_IRQHandler                          - Undefined Weak Reference
    I2c0_IRQHandler                           - Undefined Weak Reference
    I2c1_IRQHandler                           - Undefined Weak Reference
    Lcd_IRQHandler                            - Undefined Weak Reference
    LpTim0_IRQHandler                         - Undefined Weak Reference
    LpTim1_IRQHandler                         - Undefined Weak Reference
    LpUart0_IRQHandler                        - Undefined Weak Reference
    LpUart1_IRQHandler                        - Undefined Weak Reference
    Lvd_IRQHandler                            - Undefined Weak Reference
    Pca_IRQHandler                            - Undefined Weak Reference
    Pcnt_IRQHandler                           - Undefined Weak Reference
    PortA_IRQHandler                          - Undefined Weak Reference
    PortB_IRQHandler                          - Undefined Weak Reference
    PortC_IRQHandler                          - Undefined Weak Reference
    PortD_IRQHandler                          - Undefined Weak Reference
    PortE_IRQHandler                          - Undefined Weak Reference
    PortF_IRQHandler                          - Undefined Weak Reference
    Ram_IRQHandler                            - Undefined Weak Reference
    Rtc_IRQHandler                            - Undefined Weak Reference
    Spi0_IRQHandler                           - Undefined Weak Reference
    Spi1_IRQHandler                           - Undefined Weak Reference
    SysTick_IRQHandler                        - Undefined Weak Reference
    Tim0_IRQHandler                           - Undefined Weak Reference
    Tim1_IRQHandler                           - Undefined Weak Reference
    Tim2_IRQHandler                           - Undefined Weak Reference
    Tim3_IRQHandler                           - Undefined Weak Reference
    Tim4_IRQHandler                           - Undefined Weak Reference
    Tim5_IRQHandler                           - Undefined Weak Reference
    Tim6_IRQHandler                           - Undefined Weak Reference
    Uart0_IRQHandler                          - Undefined Weak Reference
    Uart1_IRQHandler                          - Undefined Weak Reference
    Uart2_IRQHandler                          - Undefined Weak Reference
    Uart3_IRQHandler                          - Undefined Weak Reference
    Vc0_IRQHandler                            - Undefined Weak Reference
    Vc1_IRQHandler                            - Undefined Weak Reference
    Vc2_IRQHandler                            - Undefined Weak Reference
    Wdt_IRQHandler                            - Undefined Weak Reference
    __arm_fini_                               - Undefined Weak Reference
    __cpp_initialize__aeabi_                  - Undefined Weak Reference
    __cxa_finalize                            - Undefined Weak Reference
    __decompress                              - Undefined Weak Reference
    _clock_init                               - Undefined Weak Reference
    _microlib_exit                            - Undefined Weak Reference
    __Vectors_End                            0x000000c0   Data           0  startup_hc32l19x.o(RESET)
    __Vectors_Size                           0x000000c0   Number         0  startup_hc32l19x.o ABSOLUTE
    __main                                   0x000000c1   Thumb Code     0  entry.o(.ARM.Collect$$$$00000000)
    _main_stk                                0x000000c1   Thumb Code     0  entry2.o(.ARM.Collect$$$$00000001)
    _main_scatterload                        0x000000c5   Thumb Code     0  entry5.o(.ARM.Collect$$$$00000004)
    __main_after_scatterload                 0x000000c9   Thumb Code     0  entry5.o(.ARM.Collect$$$$00000004)
    _main_clock                              0x000000c9   Thumb Code     0  entry7b.o(.ARM.Collect$$$$00000008)
    _main_cpp_init                           0x000000c9   Thumb Code     0  entry8b.o(.ARM.Collect$$$$0000000A)
    _main_init                               0x000000c9   Thumb Code     0  entry9a.o(.ARM.Collect$$$$0000000B)
    __rt_lib_shutdown_fini                   0x000000d1   Thumb Code     0  entry12b.o(.ARM.Collect$$$$0000000E)
    __rt_final_cpp                           0x000000d5   Thumb Code     0  entry10a.o(.ARM.Collect$$$$0000000F)
    __rt_final_exit                          0x000000d5   Thumb Code     0  entry11a.o(.ARM.Collect$$$$00000011)
    Reset_Handler                            0x000000d9   Thumb Code    26  startup_hc32l19x.o(.text)
    NMI_Handler                              0x000000f3   Thumb Code     2  startup_hc32l19x.o(.text)
    SVC_Handler                              0x000000f7   Thumb Code     2  startup_hc32l19x.o(.text)
    PendSV_Handler                           0x000000f9   Thumb Code     2  startup_hc32l19x.o(.text)
    __aeabi_memcpy                           0x00000115   Thumb Code    36  memcpya.o(.text)
    __aeabi_memcpy4                          0x00000115   Thumb Code     0  memcpya.o(.text)
    __aeabi_memcpy8                          0x00000115   Thumb Code     0  memcpya.o(.text)
    __scatterload                            0x00000139   Thumb Code    28  init.o(.text)
    __scatterload_rt2                        0x00000139   Thumb Code     0  init.o(.text)
    main                                     0x0000015d   Thumb Code    14  system_hc32l19x.o(i.$Sub$$main)
    ADC_DAC_IRQHandler                       0x0000016b   Thumb Code    12  interrupts_hc32l19x.o(i.ADC_DAC_IRQHandler)
    CLKTRIM_IRQHandler                       0x00000177   Thumb Code     8  interrupts_hc32l19x.o(i.CLKTRIM_IRQHandler)
    DMAC_IRQHandler                          0x0000017f   Thumb Code     8  interrupts_hc32l19x.o(i.DMAC_IRQHandler)
    FLASH_RAM_IRQHandler                     0x00000187   Thumb Code    12  interrupts_hc32l19x.o(i.FLASH_RAM_IRQHandler)
    HardFault_Handler                        0x00000193   Thumb Code    16  interrupts_hc32l19x.o(i.HardFault_Handler)
    I2C0_IRQHandler                          0x000001a3   Thumb Code     8  interrupts_hc32l19x.o(i.I2C0_IRQHandler)
    I2C1_IRQHandler                          0x000001ab   Thumb Code     8  interrupts_hc32l19x.o(i.I2C1_IRQHandler)
    LCD_IRQHandler                           0x000001b3   Thumb Code     8  interrupts_hc32l19x.o(i.LCD_IRQHandler)
    LPTIM0_1_IRQHandler                      0x000001bb   Thumb Code    12  interrupts_hc32l19x.o(i.LPTIM0_1_IRQHandler)
    LPUART0_IRQHandler                       0x000001c7   Thumb Code     8  interrupts_hc32l19x.o(i.LPUART0_IRQHandler)
    LPUART1_IRQHandler                       0x000001cf   Thumb Code     8  interrupts_hc32l19x.o(i.LPUART1_IRQHandler)
    LVD_IRQHandler                           0x000001d7   Thumb Code     8  interrupts_hc32l19x.o(i.LVD_IRQHandler)
    PCA_IRQHandler                           0x000001df   Thumb Code     8  interrupts_hc32l19x.o(i.PCA_IRQHandler)
    PCNT_IRQHandler                          0x000001e7   Thumb Code     8  interrupts_hc32l19x.o(i.PCNT_IRQHandler)
    PORTA_IRQHandler                         0x000001ef   Thumb Code     8  interrupts_hc32l19x.o(i.PORTA_IRQHandler)
    PORTB_IRQHandler                         0x000001f7   Thumb Code     8  interrupts_hc32l19x.o(i.PORTB_IRQHandler)
    PORTC_E_IRQHandler                       0x000001ff   Thumb Code    12  interrupts_hc32l19x.o(i.PORTC_E_IRQHandler)
    PORTD_F_IRQHandler                       0x0000020b   Thumb Code    12  interrupts_hc32l19x.o(i.PORTD_F_IRQHandler)
    RTC_IRQHandler                           0x00000217   Thumb Code     8  interrupts_hc32l19x.o(i.RTC_IRQHandler)
    SPI0_IRQHandler                          0x0000021f   Thumb Code     8  interrupts_hc32l19x.o(i.SPI0_IRQHandler)
    SPI1_IRQHandler                          0x00000227   Thumb Code     8  interrupts_hc32l19x.o(i.SPI1_IRQHandler)
    SysTick_Handler                          0x0000022f   Thumb Code     8  interrupts_hc32l19x.o(i.SysTick_Handler)
    Sysctrl_GetHClkFreq                      0x00000239   Thumb Code   354  sysctrl.o(i.Sysctrl_GetHClkFreq)
    SystemCoreClockUpdate                    0x000003ad   Thumb Code    26  system_hc32l19x.o(i.SystemCoreClockUpdate)
    SystemInit                               0x000003d5   Thumb Code    56  system_hc32l19x.o(i.SystemInit)
    TIM0_IRQHandler                          0x00000415   Thumb Code     8  interrupts_hc32l19x.o(i.TIM0_IRQHandler)
    TIM1_IRQHandler                          0x0000041d   Thumb Code     8  interrupts_hc32l19x.o(i.TIM1_IRQHandler)
    TIM2_IRQHandler                          0x00000425   Thumb Code     8  interrupts_hc32l19x.o(i.TIM2_IRQHandler)
    TIM3_IRQHandler                          0x0000042d   Thumb Code     8  interrupts_hc32l19x.o(i.TIM3_IRQHandler)
    TIM4_IRQHandler                          0x00000435   Thumb Code     8  interrupts_hc32l19x.o(i.TIM4_IRQHandler)
    TIM5_IRQHandler                          0x0000043d   Thumb Code     8  interrupts_hc32l19x.o(i.TIM5_IRQHandler)
    TIM6_IRQHandler                          0x00000445   Thumb Code     8  interrupts_hc32l19x.o(i.TIM6_IRQHandler)
    UART0_2_IRQHandler                       0x0000044d   Thumb Code    12  interrupts_hc32l19x.o(i.UART0_2_IRQHandler)
    UART1_3_IRQHandler                       0x00000459   Thumb Code    12  interrupts_hc32l19x.o(i.UART1_3_IRQHandler)
    VC0_IRQHandler                           0x00000465   Thumb Code     8  interrupts_hc32l19x.o(i.VC0_IRQHandler)
    VC1_2_IRQHandler                         0x0000046d   Thumb Code    12  interrupts_hc32l19x.o(i.VC1_2_IRQHandler)
    WDT_IRQHandler                           0x00000479   Thumb Code     8  interrupts_hc32l19x.o(i.WDT_IRQHandler)
    __ARM_common_switch8                     0x000004c9   Thumb Code    28  sysctrl.o(i.__ARM_common_switch8)
    __scatterload_copy                       0x000004e5   Thumb Code    14  handlers.o(i.__scatterload_copy)
    __scatterload_null                       0x000004f3   Thumb Code     2  handlers.o(i.__scatterload_null)
    __scatterload_zeroinit                   0x000004f5   Thumb Code    14  handlers.o(i.__scatterload_zeroinit)
    $Super$$main                             0x00000503   Thumb Code     4  main.o(i.main)
    Region$$Table$$Base                      0x00000520   Number         0  anon$$obj.o(Region$$Table)
    Region$$Table$$Limit                     0x00000540   Number         0  anon$$obj.o(Region$$Table)
    SystemCoreClock                          0x20000000   Data           4  system_hc32l19x.o(.data)
    __initial_sp                             0x20000208   Data           0  startup_hc32l19x.o(STACK)



==============================================================================

Memory Map of the image

  Image Entry point : 0x000000c1

  Load Region LR_IROM1 (Base: 0x00000000, Size: 0x00000544, Max: 0x00040000, ABSOLUTE)

    Execution Region ER_IROM1 (Exec base: 0x00000000, Load base: 0x00000000, Size: 0x00000540, Max: 0x00040000, ABSOLUTE)

    Exec Addr    Load Addr    Size         Type   Attr      Idx    E Section Name        Object

    0x00000000   0x00000000   0x000000c0   Data   RO            3    RESET               startup_hc32l19x.o
    0x000000c0   0x000000c0   0x00000000   Code   RO         1187  * .ARM.Collect$$$$00000000  mc_p.l(entry.o)
    0x000000c0   0x000000c0   0x00000004   Code   RO         1222    .ARM.Collect$$$$00000001  mc_p.l(entry2.o)
    0x000000c4   0x000000c4   0x00000004   Code   RO         1225    .ARM.Collect$$$$00000004  mc_p.l(entry5.o)
    0x000000c8   0x000000c8   0x00000000   Code   RO         1227    .ARM.Collect$$$$00000008  mc_p.l(entry7b.o)
    0x000000c8   0x000000c8   0x00000000   Code   RO         1229    .ARM.Collect$$$$0000000A  mc_p.l(entry8b.o)
    0x000000c8   0x000000c8   0x00000008   Code   RO         1230    .ARM.Collect$$$$0000000B  mc_p.l(entry9a.o)
    0x000000d0   0x000000d0   0x00000004   Code   RO         1237    .ARM.Collect$$$$0000000E  mc_p.l(entry12b.o)
    0x000000d4   0x000000d4   0x00000000   Code   RO         1232    .ARM.Collect$$$$0000000F  mc_p.l(entry10a.o)
    0x000000d4   0x000000d4   0x00000000   Code   RO         1234    .ARM.Collect$$$$00000011  mc_p.l(entry11a.o)
    0x000000d4   0x000000d4   0x00000004   Code   RO         1223    .ARM.Collect$$$$00002712  mc_p.l(entry2.o)
    0x000000d8   0x000000d8   0x0000003c   Code   RO            4    .text               startup_hc32l19x.o
    0x00000114   0x00000114   0x00000024   Code   RO         1196    .text               mc_p.l(memcpya.o)
    0x00000138   0x00000138   0x00000024   Code   RO         1245    .text               mc_p.l(init.o)
    0x0000015c   0x0000015c   0x0000000e   Code   RO           12    i.$Sub$$main        system_hc32l19x.o
    0x0000016a   0x0000016a   0x0000000c   Code   RO          105    i.ADC_DAC_IRQHandler  interrupts_hc32l19x.o
    0x00000176   0x00000176   0x00000008   Code   RO          106    i.CLKTRIM_IRQHandler  interrupts_hc32l19x.o
    0x0000017e   0x0000017e   0x00000008   Code   RO          107    i.DMAC_IRQHandler   interrupts_hc32l19x.o
    0x00000186   0x00000186   0x0000000c   Code   RO          109    i.FLASH_RAM_IRQHandler  interrupts_hc32l19x.o
    0x00000192   0x00000192   0x00000010   Code   RO          110    i.HardFault_Handler  interrupts_hc32l19x.o
    0x000001a2   0x000001a2   0x00000008   Code   RO          111    i.I2C0_IRQHandler   interrupts_hc32l19x.o
    0x000001aa   0x000001aa   0x00000008   Code   RO          112    i.I2C1_IRQHandler   interrupts_hc32l19x.o
    0x000001b2   0x000001b2   0x00000008   Code   RO          113    i.LCD_IRQHandler    interrupts_hc32l19x.o
    0x000001ba   0x000001ba   0x0000000c   Code   RO          114    i.LPTIM0_1_IRQHandler  interrupts_hc32l19x.o
    0x000001c6   0x000001c6   0x00000008   Code   RO          115    i.LPUART0_IRQHandler  interrupts_hc32l19x.o
    0x000001ce   0x000001ce   0x00000008   Code   RO          116    i.LPUART1_IRQHandler  interrupts_hc32l19x.o
    0x000001d6   0x000001d6   0x00000008   Code   RO          117    i.LVD_IRQHandler    interrupts_hc32l19x.o
    0x000001de   0x000001de   0x00000008   Code   RO          118    i.PCA_IRQHandler    interrupts_hc32l19x.o
    0x000001e6   0x000001e6   0x00000008   Code   RO          119    i.PCNT_IRQHandler   interrupts_hc32l19x.o
    0x000001ee   0x000001ee   0x00000008   Code   RO          120    i.PORTA_IRQHandler  interrupts_hc32l19x.o
    0x000001f6   0x000001f6   0x00000008   Code   RO          121    i.PORTB_IRQHandler  interrupts_hc32l19x.o
    0x000001fe   0x000001fe   0x0000000c   Code   RO          122    i.PORTC_E_IRQHandler  interrupts_hc32l19x.o
    0x0000020a   0x0000020a   0x0000000c   Code   RO          123    i.PORTD_F_IRQHandler  interrupts_hc32l19x.o
    0x00000216   0x00000216   0x00000008   Code   RO          124    i.RTC_IRQHandler    interrupts_hc32l19x.o
    0x0000021e   0x0000021e   0x00000008   Code   RO          125    i.SPI0_IRQHandler   interrupts_hc32l19x.o
    0x00000226   0x00000226   0x00000008   Code   RO          126    i.SPI1_IRQHandler   interrupts_hc32l19x.o
    0x0000022e   0x0000022e   0x00000008   Code   RO          127    i.SysTick_Handler   interrupts_hc32l19x.o
    0x00000236   0x00000236   0x00000002   PAD
    0x00000238   0x00000238   0x00000174   Code   RO          747    i.Sysctrl_GetHClkFreq  sysctrl.o
    0x000003ac   0x000003ac   0x00000028   Code   RO           13    i.SystemCoreClockUpdate  system_hc32l19x.o
    0x000003d4   0x000003d4   0x00000040   Code   RO           14    i.SystemInit        system_hc32l19x.o
    0x00000414   0x00000414   0x00000008   Code   RO          128    i.TIM0_IRQHandler   interrupts_hc32l19x.o
    0x0000041c   0x0000041c   0x00000008   Code   RO          129    i.TIM1_IRQHandler   interrupts_hc32l19x.o
    0x00000424   0x00000424   0x00000008   Code   RO          130    i.TIM2_IRQHandler   interrupts_hc32l19x.o
    0x0000042c   0x0000042c   0x00000008   Code   RO          131    i.TIM3_IRQHandler   interrupts_hc32l19x.o
    0x00000434   0x00000434   0x00000008   Code   RO          132    i.TIM4_IRQHandler   interrupts_hc32l19x.o
    0x0000043c   0x0000043c   0x00000008   Code   RO          133    i.TIM5_IRQHandler   interrupts_hc32l19x.o
    0x00000444   0x00000444   0x00000008   Code   RO          134    i.TIM6_IRQHandler   interrupts_hc32l19x.o
    0x0000044c   0x0000044c   0x0000000c   Code   RO          135    i.UART0_2_IRQHandler  interrupts_hc32l19x.o
    0x00000458   0x00000458   0x0000000c   Code   RO          136    i.UART1_3_IRQHandler  interrupts_hc32l19x.o
    0x00000464   0x00000464   0x00000008   Code   RO          137    i.VC0_IRQHandler    interrupts_hc32l19x.o
    0x0000046c   0x0000046c   0x0000000c   Code   RO          138    i.VC1_2_IRQHandler  interrupts_hc32l19x.o
    0x00000478   0x00000478   0x00000008   Code   RO          139    i.WDT_IRQHandler    interrupts_hc32l19x.o
    0x00000480   0x00000480   0x00000048   Code   RO           15    i._InitHidePin      system_hc32l19x.o
    0x000004c8   0x000004c8   0x0000001c   Code   RO          893    i.__ARM_common_switch8  sysctrl.o
    0x000004e4   0x000004e4   0x0000000e   Code   RO         1249    i.__scatterload_copy  mc_p.l(handlers.o)
    0x000004f2   0x000004f2   0x00000002   Code   RO         1250    i.__scatterload_null  mc_p.l(handlers.o)
    0x000004f4   0x000004f4   0x0000000e   Code   RO         1251    i.__scatterload_zeroinit  mc_p.l(handlers.o)
    0x00000502   0x00000502   0x00000004   Code   RO          598    i.main              main.o
    0x00000506   0x00000506   0x00000002   PAD
    0x00000508   0x00000508   0x00000018   Data   RO          767    .constdata          sysctrl.o
    0x00000520   0x00000520   0x00000020   Data   RO         1247    Region$$Table       anon$$obj.o


    Execution Region RW_IRAM1 (Exec base: 0x20000000, Load base: 0x00000540, Size: 0x00000208, Max: 0x00008000, ABSOLUTE)

    Exec Addr    Load Addr    Size         Type   Attr      Idx    E Section Name        Object

    0x20000000   0x00000540   0x00000004   Data   RW           16    .data               system_hc32l19x.o
    0x20000004   0x00000544   0x00000004   PAD
    0x20000008        -       0x00000200   Zero   RW            1    STACK               startup_hc32l19x.o


==============================================================================

Image component sizes


      Code (inc. data)   RO Data    RW Data    ZI Data      Debug   Object Name

       312          0          0          0          0      17748   interrupts_hc32l19x.o
         4          0          0          0          0        455   main.o
        60         22        192          0        512        684   startup_hc32l19x.o
       400         26         24          0          0       2190   sysctrl.o
       190         34          0          4          0      12472   system_hc32l19x.o

    ----------------------------------------------------------------------
       970         82        248          4        516      33549   Object Totals
         0          0         32          0          0          0   (incl. Generated)
         4          0          0          0          4          0   (incl. Padding)

    ----------------------------------------------------------------------

      Code (inc. data)   RO Data    RW Data    ZI Data      Debug   Library Member Name

         0          0          0          0          0          0   entry.o
         0          0          0          0          0          0   entry10a.o
         0          0          0          0          0          0   entry11a.o
         4          0          0          0          0          0   entry12b.o
         8          4          0          0          0          0   entry2.o
         4          0          0          0          0          0   entry5.o
         0          0          0          0          0          0   entry7b.o
         0          0          0          0          0          0   entry8b.o
         8          4          0          0          0          0   entry9a.o
        30          0          0          0          0          0   handlers.o
        36          8          0          0          0         68   init.o
        36          0          0          0          0         60   memcpya.o

    ----------------------------------------------------------------------
       126         16          0          0          0        128   Library Totals
         0          0          0          0          0          0   (incl. Padding)

    ----------------------------------------------------------------------

      Code (inc. data)   RO Data    RW Data    ZI Data      Debug   Library Name

       126         16          0          0          0        128   mc_p.l

    ----------------------------------------------------------------------
       126         16          0          0          0        128   Library Totals

    ----------------------------------------------------------------------

==============================================================================


      Code (inc. data)   RO Data    RW Data    ZI Data      Debug   

      1096         98        248          4        516      32157   Grand Totals
      1096         98        248          4        516      32157   ELF Image Totals
      1096         98        248          4          0          0   ROM Totals

==============================================================================

    Total RO  Size (Code + RO Data)                 1344 (   1.31kB)
    Total RW  Size (RW Data + ZI Data)               520 (   0.51kB)
    Total ROM Size (Code + RO Data + RW Data)       1348 (   1.32kB)

==============================================================================

